0 verbose cli /.sprite/languages/node/nvm/versions/node/v24.18.0/bin/node /.sprite/languages/node/nvm/versions/node/v24.18.0/lib/node_modules/npm/bin/npm-cli.js
1 info using npm@12.0.1
2 info using node@v24.18.0
3 silly config load:file:/.sprite/languages/node/nvm/versions/node/v24.18.0/lib/node_modules/npm/npmrc
4 silly config load:file:/home/sprite/.npmrc
5 silly config load:file:/.sprite/languages/node/nvm/versions/node/v24.18.0/etc/npmrc
6 verbose title npm exec esbuild scripts/verify-chess.ts --bundle --platform=node --format=esm --alias:@=./src --outfile=scripts/.verify.bundle.mjs
7 verbose argv "exec" "--" "esbuild" "scripts/verify-chess.ts" "--bundle" "--platform=node" "--format=esm" "--alias:@=./src" "--outfile=scripts/.verify.bundle.mjs"
8 verbose logfile logs-max:10 dir:/home/sprite/.npm/_logs/2026-09-21T07_52_36_510Z-
9 verbose logfile /home/sprite/.npm/_logs/2026-09-21T07_52_36_510Z-debug-0.log
10 silly logfile done cleaning log files
11 silly packumentCache heap:4496293888 maxSize:1124073472 maxEntrySize:562036736
12 verbose shrinkwrap failed to load node_modules/.package-lock.json out of date, updated: node_modules
13 http fetch GET 200 https://registry.npmjs.org/esbuild 156ms (cache miss)
14 silly packumentCache heap:4496293888 maxSize:1124073472 maxEntrySize:562036736
15 silly packumentCache heap:4496293888 maxSize:1124073472 maxEntrySize:562036736
16 warn exec The following package was not found and will be installed: esbuild@0.28.2
17 silly idealTree buildDeps
18 silly fetch manifest esbuild@0.28.2
19 silly packumentCache full:https://registry.npmjs.org/esbuild cache-miss
20 http fetch GET 200 https://registry.npmjs.org/esbuild 36ms (cache revalidated)
21 silly packumentCache full:https://registry.npmjs.org/esbuild set size:1264676 disposed:false
22 silly placeDep ROOT esbuild@0.28.2 OK for:  want: 0.28.2
23 silly fetch manifest @esbuild/aix-ppc64@0.28.2
24 silly packumentCache full:https://registry.npmjs.org/@esbuild%2faix-ppc64 cache-miss
25 silly fetch manifest @esbuild/linux-arm@0.28.2
26 silly packumentCache full:https://registry.npmjs.org/@esbuild%2flinux-arm cache-miss
27 silly fetch manifest @esbuild/linux-x64@0.28.2
28 silly packumentCache full:https://registry.npmjs.org/@esbuild%2flinux-x64 cache-miss
29 silly fetch manifest @esbuild/sunos-x64@0.28.2
30 silly packumentCache full:https://registry.npmjs.org/@esbuild%2fsunos-x64 cache-miss
31 silly fetch manifest @esbuild/win32-x64@0.28.2
32 silly packumentCache full:https://registry.npmjs.org/@esbuild%2fwin32-x64 cache-miss
33 silly fetch manifest @esbuild/darwin-x64@0.28.2
34 silly packumentCache full:https://registry.npmjs.org/@esbuild%2fdarwin-x64 cache-miss
35 silly fetch manifest @esbuild/linux-ia32@0.28.2
36 silly packumentCache full:https://registry.npmjs.org/@esbuild%2flinux-ia32 cache-miss
37 http fetch GET 200 https://registry.npmjs.org/@esbuild%2faix-ppc64 55ms (cache miss)
38 silly packumentCache full:https://registry.npmjs.org/@esbuild%2faix-ppc64 set size:undefined disposed:false
39 silly fetch manifest @esbuild/netbsd-x64@0.28.2
40 silly packumentCache full:https://registry.npmjs.org/@esbuild%2fnetbsd-x64 cache-miss
41 http fetch GET 200 https://registry.npmjs.org/@esbuild%2flinux-x64 91ms (cache miss)
42 silly packumentCache full:https://registry.npmjs.org/@esbuild%2flinux-x64 set size:undefined disposed:false
43 silly fetch manifest @esbuild/win32-ia32@0.28.2
44 silly packumentCache full:https://registry.npmjs.org/@esbuild%2fwin32-ia32 cache-miss
45 http fetch GET 200 https://registry.npmjs.org/@esbuild%2fnetbsd-x64 67ms (cache miss)
46 silly packumentCache full:https://registry.npmjs.org/@esbuild%2fnetbsd-x64 set size:undefined disposed:false
47 silly fetch manifest @esbuild/android-arm@0.28.2
48 silly packumentCache full:https://registry.npmjs.org/@esbuild%2fandroid-arm cache-miss
49 http fetch GET 200 https://registry.npmjs.org/@esbuild%2fsunos-x64 133ms (cache miss)
50 silly packumentCache full:https://registry.npmjs.org/@esbuild%2fsunos-x64 set size:undefined disposed:false
51 silly fetch manifest @esbuild/android-x64@0.28.2
52 silly packumentCache full:https://registry.npmjs.org/@esbuild%2fandroid-x64 cache-miss
53 http fetch GET 200 https://registry.npmjs.org/@esbuild%2fwin32-x64 141ms (cache miss)
54 silly packumentCache full:https://registry.npmjs.org/@esbuild%2fwin32-x64 set size:undefined disposed:false
55 silly fetch manifest @esbuild/freebsd-x64@0.28.2
56 silly packumentCache full:https://registry.npmjs.org/@esbuild%2ffreebsd-x64 cache-miss
57 http fetch GET 200 https://registry.npmjs.org/@esbuild%2fdarwin-x64 146ms (cache miss)
58 silly packumentCache full:https://registry.npmjs.org/@esbuild%2fdarwin-x64 set size:undefined disposed:false
59 silly fetch manifest @esbuild/linux-arm64@0.28.2
60 silly packumentCache full:https://registry.npmjs.org/@esbuild%2flinux-arm64 cache-miss
61 http fetch GET 200 https://registry.npmjs.org/@esbuild%2flinux-ia32 155ms (cache miss)
62 silly packumentCache full:https://registry.npmjs.org/@esbuild%2flinux-ia32 set size:undefined disposed:false
63 silly fetch manifest @esbuild/linux-ppc64@0.28.2
64 silly packumentCache full:https://registry.npmjs.org/@esbuild%2flinux-ppc64 cache-miss
65 http fetch GET 200 https://registry.npmjs.org/@esbuild%2flinux-arm 163ms (cache miss)
66 silly packumentCache full:https://registry.npmjs.org/@esbuild%2flinux-arm set size:undefined disposed:false
67 silly fetch manifest @esbuild/linux-s390x@0.28.2
68 silly packumentCache full:https://registry.npmjs.org/@esbuild%2flinux-s390x cache-miss
69 http fetch GET 200 https://registry.npmjs.org/@esbuild%2fwin32-ia32 91ms (cache miss)
70 silly packumentCache full:https://registry.npmjs.org/@esbuild%2fwin32-ia32 set size:undefined disposed:false
71 silly fetch manifest @esbuild/openbsd-x64@0.28.2
72 silly packumentCache full:https://registry.npmjs.org/@esbuild%2fopenbsd-x64 cache-miss
73 http fetch GET 200 https://registry.npmjs.org/@esbuild%2fandroid-arm 69ms (cache miss)
74 silly packumentCache full:https://registry.npmjs.org/@esbuild%2fandroid-arm set size:undefined disposed:false
75 silly fetch manifest @esbuild/win32-arm64@0.28.2
76 silly packumentCache full:https://registry.npmjs.org/@esbuild%2fwin32-arm64 cache-miss
77 http fetch GET 200 https://registry.npmjs.org/@esbuild%2fandroid-x64 64ms (cache miss)
78 silly packumentCache full:https://registry.npmjs.org/@esbuild%2fandroid-x64 set size:undefined disposed:false
79 silly fetch manifest @esbuild/darwin-arm64@0.28.2
80 silly packumentCache full:https://registry.npmjs.org/@esbuild%2fdarwin-arm64 cache-miss
81 http fetch GET 200 https://registry.npmjs.org/@esbuild%2ffreebsd-x64 92ms (cache miss)
82 silly packumentCache full:https://registry.npmjs.org/@esbuild%2ffreebsd-x64 set size:undefined disposed:false
83 silly fetch manifest @esbuild/netbsd-arm64@0.28.2
84 silly packumentCache full:https://registry.npmjs.org/@esbuild%2fnetbsd-arm64 cache-miss
85 http fetch GET 200 https://registry.npmjs.org/@esbuild%2flinux-arm64 90ms (cache miss)
86 silly packumentCache full:https://registry.npmjs.org/@esbuild%2flinux-arm64 set size:undefined disposed:false
87 silly fetch manifest @esbuild/android-arm64@0.28.2
88 silly packumentCache full:https://registry.npmjs.org/@esbuild%2fandroid-arm64 cache-miss
89 http fetch GET 200 https://registry.npmjs.org/@esbuild%2flinux-s390x 89ms (cache miss)
90 silly packumentCache full:https://registry.npmjs.org/@esbuild%2flinux-s390x set size:undefined disposed:false
91 silly fetch manifest @esbuild/freebsd-arm64@0.28.2
92 silly packumentCache full:https://registry.npmjs.org/@esbuild%2ffreebsd-arm64 cache-miss
93 http fetch GET 200 https://registry.npmjs.org/@esbuild%2flinux-ppc64 97ms (cache miss)
94 silly packumentCache full:https://registry.npmjs.org/@esbuild%2flinux-ppc64 set size:undefined disposed:false
95 silly fetch manifest @esbuild/linux-loong64@0.28.2
96 silly packumentCache full:https://registry.npmjs.org/@esbuild%2flinux-loong64 cache-miss
97 http fetch GET 200 https://registry.npmjs.org/@esbuild%2fopenbsd-x64 75ms (cache miss)
98 silly packumentCache full:https://registry.npmjs.org/@esbuild%2fopenbsd-x64 set size:undefined disposed:false
99 silly fetch manifest @esbuild/linux-riscv64@0.28.2
100 silly packumentCache full:https://registry.npmjs.org/@esbuild%2flinux-riscv64 cache-miss
101 http fetch GET 200 https://registry.npmjs.org/@esbuild%2fdarwin-arm64 72ms (cache miss)
102 silly packumentCache full:https://registry.npmjs.org/@esbuild%2fdarwin-arm64 set size:undefined disposed:false
103 silly fetch manifest @esbuild/openbsd-arm64@0.28.2
104 silly packumentCache full:https://registry.npmjs.org/@esbuild%2fopenbsd-arm64 cache-miss
105 http fetch GET 200 https://registry.npmjs.org/@esbuild%2fwin32-arm64 82ms (cache miss)
106 silly packumentCache full:https://registry.npmjs.org/@esbuild%2fwin32-arm64 set size:undefined disposed:false
107 silly fetch manifest @esbuild/linux-mips64el@0.28.2
108 silly packumentCache full:https://registry.npmjs.org/@esbuild%2flinux-mips64el cache-miss
109 http fetch GET 200 https://registry.npmjs.org/@esbuild%2fnetbsd-arm64 46ms (cache miss)
110 silly packumentCache full:https://registry.npmjs.org/@esbuild%2fnetbsd-arm64 set size:undefined disposed:false
111 silly fetch manifest @esbuild/openharmony-arm64@0.28.2
112 silly packumentCache full:https://registry.npmjs.org/@esbuild%2fopenharmony-arm64 cache-miss
113 http fetch GET 200 https://registry.npmjs.org/@esbuild%2fandroid-arm64 59ms (cache miss)
114 silly packumentCache full:https://registry.npmjs.org/@esbuild%2fandroid-arm64 set size:undefined disposed:false
115 http fetch GET 200 https://registry.npmjs.org/@esbuild%2flinux-riscv64 46ms (cache miss)
116 silly packumentCache full:https://registry.npmjs.org/@esbuild%2flinux-riscv64 set size:undefined disposed:false
117 http fetch GET 200 https://registry.npmjs.org/@esbuild%2fopenbsd-arm64 42ms (cache miss)
118 silly packumentCache full:https://registry.npmjs.org/@esbuild%2fopenbsd-arm64 set size:undefined disposed:false
119 http fetch GET 200 https://registry.npmjs.org/@esbuild%2ffreebsd-arm64 80ms (cache miss)
120 silly packumentCache full:https://registry.npmjs.org/@esbuild%2ffreebsd-arm64 set size:undefined disposed:false
121 http fetch GET 200 https://registry.npmjs.org/@esbuild%2fopenharmony-arm64 50ms (cache miss)
122 silly packumentCache full:https://registry.npmjs.org/@esbuild%2fopenharmony-arm64 set size:undefined disposed:false
123 http fetch GET 200 https://registry.npmjs.org/@esbuild%2flinux-loong64 82ms (cache miss)
124 silly packumentCache full:https://registry.npmjs.org/@esbuild%2flinux-loong64 set size:undefined disposed:false
125 http fetch GET 200 https://registry.npmjs.org/@esbuild%2flinux-mips64el 100ms (cache miss)
126 silly packumentCache full:https://registry.npmjs.org/@esbuild%2flinux-mips64el set size:undefined disposed:false
127 silly placeDep ROOT @esbuild/aix-ppc64@0.28.2 OK for: esbuild@0.28.2 want: 0.28.2
128 silly placeDep ROOT @esbuild/android-arm@0.28.2 OK for: esbuild@0.28.2 want: 0.28.2
129 silly placeDep ROOT @esbuild/android-arm64@0.28.2 OK for: esbuild@0.28.2 want: 0.28.2
130 silly placeDep ROOT @esbuild/android-x64@0.28.2 OK for: esbuild@0.28.2 want: 0.28.2
131 silly placeDep ROOT @esbuild/darwin-arm64@0.28.2 OK for: esbuild@0.28.2 want: 0.28.2
132 silly placeDep ROOT @esbuild/darwin-x64@0.28.2 OK for: esbuild@0.28.2 want: 0.28.2
133 silly placeDep ROOT @esbuild/freebsd-arm64@0.28.2 OK for: esbuild@0.28.2 want: 0.28.2
134 silly placeDep ROOT @esbuild/freebsd-x64@0.28.2 OK for: esbuild@0.28.2 want: 0.28.2
135 silly placeDep ROOT @esbuild/linux-arm@0.28.2 OK for: esbuild@0.28.2 want: 0.28.2
136 silly placeDep ROOT @esbuild/linux-arm64@0.28.2 OK for: esbuild@0.28.2 want: 0.28.2
137 silly placeDep ROOT @esbuild/linux-ia32@0.28.2 OK for: esbuild@0.28.2 want: 0.28.2
138 silly placeDep ROOT @esbuild/linux-loong64@0.28.2 OK for: esbuild@0.28.2 want: 0.28.2
139 silly placeDep ROOT @esbuild/linux-mips64el@0.28.2 OK for: esbuild@0.28.2 want: 0.28.2
140 silly placeDep ROOT @esbuild/linux-ppc64@0.28.2 OK for: esbuild@0.28.2 want: 0.28.2
141 silly placeDep ROOT @esbuild/linux-riscv64@0.28.2 OK for: esbuild@0.28.2 want: 0.28.2
142 silly placeDep ROOT @esbuild/linux-s390x@0.28.2 OK for: esbuild@0.28.2 want: 0.28.2
143 silly placeDep ROOT @esbuild/linux-x64@0.28.2 OK for: esbuild@0.28.2 want: 0.28.2
144 silly placeDep ROOT @esbuild/netbsd-arm64@0.28.2 OK for: esbuild@0.28.2 want: 0.28.2
145 silly placeDep ROOT @esbuild/netbsd-x64@0.28.2 OK for: esbuild@0.28.2 want: 0.28.2
146 silly placeDep ROOT @esbuild/openbsd-arm64@0.28.2 OK for: esbuild@0.28.2 want: 0.28.2
147 silly placeDep ROOT @esbuild/openbsd-x64@0.28.2 OK for: esbuild@0.28.2 want: 0.28.2
148 silly placeDep ROOT @esbuild/openharmony-arm64@0.28.2 OK for: esbuild@0.28.2 want: 0.28.2
149 silly placeDep ROOT @esbuild/sunos-x64@0.28.2 OK for: esbuild@0.28.2 want: 0.28.2
150 silly placeDep ROOT @esbuild/win32-arm64@0.28.2 OK for: esbuild@0.28.2 want: 0.28.2
151 silly placeDep ROOT @esbuild/win32-ia32@0.28.2 OK for: esbuild@0.28.2 want: 0.28.2
152 silly placeDep ROOT @esbuild/win32-x64@0.28.2 OK for: esbuild@0.28.2 want: 0.28.2
153 silly reify moves {}
154 silly audit bulk request {
154 silly audit   esbuild: [ '0.28.2' ],
154 silly audit   '@esbuild/aix-ppc64': [ '0.28.2' ],
154 silly audit   '@esbuild/android-arm': [ '0.28.2' ],
154 silly audit   '@esbuild/android-arm64': [ '0.28.2' ],
154 silly audit   '@esbuild/android-x64': [ '0.28.2' ],
154 silly audit   '@esbuild/darwin-arm64': [ '0.28.2' ],
154 silly audit   '@esbuild/darwin-x64': [ '0.28.2' ],
154 silly audit   '@esbuild/freebsd-arm64': [ '0.28.2' ],
154 silly audit   '@esbuild/freebsd-x64': [ '0.28.2' ],
154 silly audit   '@esbuild/linux-arm': [ '0.28.2' ],
154 silly audit   '@esbuild/linux-arm64': [ '0.28.2' ],
154 silly audit   '@esbuild/linux-ia32': [ '0.28.2' ],
154 silly audit   '@esbuild/linux-loong64': [ '0.28.2' ],
154 silly audit   '@esbuild/linux-mips64el': [ '0.28.2' ],
154 silly audit   '@esbuild/linux-ppc64': [ '0.28.2' ],
154 silly audit   '@esbuild/linux-riscv64': [ '0.28.2' ],
154 silly audit   '@esbuild/linux-s390x': [ '0.28.2' ],
154 silly audit   '@esbuild/linux-x64': [ '0.28.2' ],
154 silly audit   '@esbuild/netbsd-arm64': [ '0.28.2' ],
154 silly audit   '@esbuild/netbsd-x64': [ '0.28.2' ],
154 silly audit   '@esbuild/openbsd-arm64': [ '0.28.2' ],
154 silly audit   '@esbuild/openbsd-x64': [ '0.28.2' ],
154 silly audit   '@esbuild/openharmony-arm64': [ '0.28.2' ],
154 silly audit   '@esbuild/sunos-x64': [ '0.28.2' ],
154 silly audit   '@esbuild/win32-arm64': [ '0.28.2' ],
154 silly audit   '@esbuild/win32-ia32': [ '0.28.2' ],
154 silly audit   '@esbuild/win32-x64': [ '0.28.2' ]
154 silly audit }
155 http cache esbuild@https://registry.npmjs.org/esbuild/-/esbuild-0.28.2.tgz 0ms (cache hit)
156 http cache @esbuild/linux-x64@https://registry.npmjs.org/@esbuild/linux-x64/-/linux-x64-0.28.2.tgz 0ms (cache hit)
157 silly tarball no local data for esbuild@https://registry.npmjs.org/esbuild/-/esbuild-0.28.2.tgz. Extracting by manifest.
158 silly tarball no local data for @esbuild/linux-x64@https://registry.npmjs.org/@esbuild/linux-x64/-/linux-x64-0.28.2.tgz. Extracting by manifest.
159 http fetch GET 200 https://registry.npmjs.org/esbuild/-/esbuild-0.28.2.tgz 52ms (cache miss)
160 http fetch POST 200 https://registry.npmjs.org/-/npm/v1/security/advisories/bulk 231ms
161 silly audit report {}
162 http fetch GET 200 https://registry.npmjs.org/@esbuild/linux-x64/-/linux-x64-0.28.2.tgz 241ms (cache miss)
163 notice run app@0.0.0 npx
164 notice run 'esbuild' scripts/verify-chess.ts --bundle --platform=node --format=esm --alias:@=./src --outfile=scripts/.verify.bundle.mjs
165 verbose cwd /home/sprite
166 verbose os Linux 6.12.91-fly
167 verbose node v24.18.0
168 verbose npm  v12.0.1
169 verbose exit 0
170 info ok
